npm WARN config only Use `--omit=dev` to omit dev dependencies from the install.
npm WARN deprecated node-xmpp-tls-connect@1.0.1: this package is deprecated please use https://github.com/xmppjs/xmpp.js
npm WARN deprecated har-validator@5.1.5: this library is no longer supported
npm WARN deprecated node-xmpp-core@5.0.9: this package is deprecated please use https://github.com/xmppjs/xmpp.js
npm WARN deprecated q@1.5.1: You or someone you depend on is using Q, the JavaScript Promise library that gave JavaScript developers strong feelings about promises. They can almost certainly migrate to the native JavaScript promise now. Thank you literally everyone for joining me in this bet against the odds. Be excellent to each other.
npm WARN deprecated 
npm WARN deprecated (For a CapTP with native promises, see @endo/eventual-send and @endo/captp)
npm WARN deprecated uuid@3.4.0: Please upgrade  to version 7 or higher.  Older versions may use Math.random() in certain circumstances, which is known to be problematic.  See https://v8.dev/blog/math-random for details.
npm WARN deprecated node-uuid@1.4.8: Use uuid module instead
npm WARN deprecated request@2.88.2: request has been deprecated, see https://github.com/request/request/issues/3142
npm WARN deprecated node-xmpp-client@3.2.0: this package is deprecated please use https://www.npmjs.com/package/@xmpp/client

added 184 packages, and audited 185 packages in 6s

24 packages are looking for funding
  run `npm fund` for details

10 vulnerabilities (3 low, 2 moderate, 3 high, 2 critical)

To address issues that do not require attention, run:
  npm audit fix

To address all issues possible, run:
  npm audit fix --force

Some issues need review, and may require choosing
a different dependency.

Run `npm audit` for details.
